# Lifecycle Gates Log — Init Run 2026-09-05-6823e66e

> Validator/tool invocation audit for the init action. Operations driven through `agents/scripts/run-gate.py` append their rows below; manual scaffold and generation commands are recorded in `commands.log`.


### I6
Command: python3 agents/product-manager/scripts/validate-trackers.py
Stage: I6
Exit Code: 0
Result: PASS
Output References: -
Skipped Gates: -

### I6
Command: python3 agents/product-manager/scripts/validate-feature-evidence.py --product-root /home/gajap/uSandbox/repos/nebula/nebula-insurance-brain
Stage: I6
Exit Code: 0
Result: PASS
Output References: -
Skipped Gates: -

### I6
Command: python3 /home/gajap/uSandbox/repos/nebula/nebula-insurance-brain/scripts/kg/validate.py --check-symbols
Stage: I6
Exit Code: 0
Result: PASS
Output References: -
Skipped Gates: -

### I6
Command: python3 /home/gajap/uSandbox/repos/nebula/nebula-insurance-brain/scripts/kg/validate.py --check-drift
Stage: I6
Exit Code: 0
Result: PASS
Output References: -
Skipped Gates: -

### I6
Command: python3 agents/scripts/validate_templates.py
Stage: I6
Exit Code: 0
Result: PASS
Output References: -
Skipped Gates: -
