
### V1
Command: python3 agents/product-manager/scripts/validate-trackers.py
Stage: V1
Exit Code: 0
Result: PASS
Output References: -
Skipped Gates: -

### V1
Command: python3 agents/product-manager/scripts/validate-feature-evidence.py --product-root /home/gajap/uSandbox/repos/nebula/nebula-insurance-brain --json
Stage: V1
Exit Code: 0
Result: PASS
Output References: -
Skipped Gates: -

### V1
Command: python3 agents/product-manager/scripts/generate-story-index.py /home/gajap/uSandbox/repos/nebula/nebula-insurance-brain/planning-mds/features/
Stage: V1
Exit Code: 0
Result: PASS
Output References: -
Skipped Gates: -

### V1
Command: python3 /home/gajap/uSandbox/repos/nebula/nebula-insurance-brain/scripts/kg/validate.py --check-symbols
Stage: V1
Exit Code: 0
Result: PASS
Output References: -
Skipped Gates: -

### V1
Command: python3 /home/gajap/uSandbox/repos/nebula/nebula-insurance-brain/scripts/kg/validate.py --check-drift
Stage: V1
Exit Code: 0
Result: PASS
Output References: -
Skipped Gates: -

### V1
Command: python3 agents/scripts/validate_templates.py
Stage: V1
Exit Code: 0
Result: PASS
Output References: -
Skipped Gates: -
