{"schema_version":1,"timestamp":"2026-09-06T00:14:41-04:00","cwd":"nebula-agents","command":"python3 agents/product-manager/scripts/validate-stories.py {FEATURE_PATH}","exit_code":0,"artifacts":[],"redactions":[]}
{"schema_version":1,"timestamp":"2026-09-06T00:14:41-04:00","cwd":"nebula-agents","command":"python3 agents/product-manager/scripts/generate-story-index.py {PRODUCT_ROOT}/planning-mds/features/","exit_code":0,"artifacts":[],"redactions":[]}
{"schema_version":1,"timestamp":"2026-09-06T00:14:41-04:00","cwd":"{PRODUCT_ROOT}","command":"python3 scripts/kg/compile.py","exit_code":0,"artifacts":[],"redactions":[]}
{"schema_version":1,"timestamp":"2026-09-06T00:14:42-04:00","cwd":"{PRODUCT_ROOT}","command":"python3 scripts/kg/validate.py --write-coverage-report","exit_code":0,"artifacts":[],"redactions":[]}
{"schema_version":1,"timestamp":"2026-09-06T00:14:42-04:00","cwd":"nebula-agents","command":"python3 agents/product-manager/scripts/validate-trackers.py --product-root {PRODUCT_ROOT} --skip-feature-evidence","exit_code":0,"artifacts":[],"redactions":[]}
{"schema_version":1,"timestamp":"2026-09-06T00:19:03-04:00","cwd":"nebula-agents","command":"python3 agents/product-manager/scripts/validate-stories.py {FEATURE_PATH}","exit_code":0,"artifacts":["planning-mds/operations/evidence/runs/2026-09-06-cdb5d8cb/artifacts/g2-validate-stories.txt"],"redactions":[]}
{"schema_version":1,"timestamp":"2026-09-06T00:19:03-04:00","cwd":"nebula-agents","command":"python3 agents/product-manager/scripts/generate-story-index.py {PRODUCT_ROOT}/planning-mds/features/","exit_code":0,"artifacts":["planning-mds/operations/evidence/runs/2026-09-06-cdb5d8cb/artifacts/g2-story-index.txt"],"redactions":[]}
{"schema_version":1,"timestamp":"2026-09-06T00:19:03-04:00","cwd":"{PRODUCT_ROOT}","command":"python3 scripts/kg/compile.py","exit_code":0,"artifacts":["planning-mds/operations/evidence/runs/2026-09-06-cdb5d8cb/artifacts/g2-kg-compile.txt"],"redactions":[]}
{"schema_version":1,"timestamp":"2026-09-06T00:19:03-04:00","cwd":"{PRODUCT_ROOT}","command":"python3 scripts/kg/validate.py --write-coverage-report","exit_code":0,"artifacts":["planning-mds/operations/evidence/runs/2026-09-06-cdb5d8cb/artifacts/g2-kg-validate.txt"],"redactions":[]}
{"schema_version":1,"timestamp":"2026-09-06T00:19:03-04:00","cwd":"nebula-agents","command":"python3 agents/product-manager/scripts/validate-trackers.py --product-root {PRODUCT_ROOT} --skip-feature-evidence","exit_code":0,"artifacts":["planning-mds/operations/evidence/runs/2026-09-06-cdb5d8cb/artifacts/g2-validate-trackers.txt"],"redactions":[]}
{"schema_version":1,"timestamp":"2026-09-06T00:44:37-04:00","cwd":"{PRODUCT_ROOT}","command":"python3 /home/gajap/uSandbox/repos/nebula/nebula-insurance-brain/scripts/kg/compile.py","exit_code":0,"artifacts":[],"redactions":[]}
{"schema_version":1,"timestamp":"2026-09-06T00:44:38-04:00","cwd":"{PRODUCT_ROOT}","command":"python3 /home/gajap/uSandbox/repos/nebula/nebula-insurance-brain/scripts/kg/validate.py --check-drift","exit_code":1,"artifacts":[],"redactions":[]}
{"schema_version":1,"timestamp":"2026-09-06T00:44:38-04:00","cwd":"nebula-agents","command":"python3 agents/product-manager/scripts/validate-stories.py /home/gajap/uSandbox/repos/nebula/nebula-insurance-brain/planning-mds/features/None-repository-and-engineering-foundation","exit_code":1,"artifacts":[],"redactions":[]}
{"schema_version":1,"timestamp":"2026-09-06T00:45:15-04:00","cwd":"{PRODUCT_ROOT}","command":"python3 /home/gajap/uSandbox/repos/nebula/nebula-insurance-brain/scripts/kg/validate.py --check-drift","exit_code":1,"artifacts":[],"redactions":[]}
{"schema_version":1,"timestamp":"2026-09-06T00:45:15-04:00","cwd":"nebula-agents","command":"python3 agents/product-manager/scripts/validate-stories.py /home/gajap/uSandbox/repos/nebula/nebula-insurance-brain/planning-mds/features/F0001-repository-and-engineering-foundation","exit_code":0,"artifacts":[],"redactions":[]}
{"schema_version":1,"timestamp":"2026-09-06T00:45:15-04:00","cwd":"nebula-agents","command":"python3 agents/product-manager/scripts/generate-story-index.py /home/gajap/uSandbox/repos/nebula/nebula-insurance-brain/planning-mds/features/","exit_code":0,"artifacts":[],"redactions":[]}
{"schema_version":1,"timestamp":"2026-09-06T00:45:15-04:00","cwd":"nebula-agents","command":"python3 agents/product-manager/scripts/validate-trackers.py --product-root /home/gajap/uSandbox/repos/nebula/nebula-insurance-brain --skip-feature-evidence","exit_code":0,"artifacts":[],"redactions":[]}
{"schema_version":1,"timestamp":"2026-09-06T00:45:16-04:00","cwd":"{PRODUCT_ROOT}","command":"python3 /home/gajap/uSandbox/repos/nebula/nebula-insurance-brain/scripts/kg/validate.py --write-coverage-report","exit_code":1,"artifacts":[],"redactions":[]}
{"schema_version":1,"timestamp":"2026-09-06T00:45:39-04:00","cwd":"{PRODUCT_ROOT}","command":"python3 /home/gajap/uSandbox/repos/nebula/nebula-insurance-brain/scripts/kg/compile.py","exit_code":0,"artifacts":[],"redactions":[]}
{"schema_version":1,"timestamp":"2026-09-06T00:45:39-04:00","cwd":"{PRODUCT_ROOT}","command":"python3 /home/gajap/uSandbox/repos/nebula/nebula-insurance-brain/scripts/kg/validate.py --check-drift","exit_code":0,"artifacts":[],"redactions":[]}
{"schema_version":1,"timestamp":"2026-09-06T00:45:40-04:00","cwd":"nebula-agents","command":"python3 agents/product-manager/scripts/validate-stories.py /home/gajap/uSandbox/repos/nebula/nebula-insurance-brain/planning-mds/features/F0001-repository-and-engineering-foundation","exit_code":0,"artifacts":[],"redactions":[]}
{"schema_version":1,"timestamp":"2026-09-06T00:45:40-04:00","cwd":"nebula-agents","command":"python3 agents/product-manager/scripts/generate-story-index.py /home/gajap/uSandbox/repos/nebula/nebula-insurance-brain/planning-mds/features/","exit_code":0,"artifacts":[],"redactions":[]}
{"schema_version":1,"timestamp":"2026-09-06T00:45:40-04:00","cwd":"nebula-agents","command":"python3 agents/product-manager/scripts/validate-trackers.py --product-root /home/gajap/uSandbox/repos/nebula/nebula-insurance-brain --skip-feature-evidence","exit_code":0,"artifacts":[],"redactions":[]}
{"schema_version":1,"timestamp":"2026-09-06T00:45:40-04:00","cwd":"{PRODUCT_ROOT}","command":"python3 /home/gajap/uSandbox/repos/nebula/nebula-insurance-brain/scripts/kg/validate.py --write-coverage-report","exit_code":0,"artifacts":[],"redactions":[]}
{"schema_version":1,"timestamp":"2026-09-06T00:45:40-04:00","cwd":"{PRODUCT_ROOT}","command":"python3 /home/gajap/uSandbox/repos/nebula/nebula-insurance-brain/scripts/kg/validate.py --check-drift","exit_code":0,"artifacts":[],"redactions":[]}
{"schema_version":1,"timestamp":"2026-09-06T00:45:40-04:00","cwd":"{PRODUCT_ROOT}","command":"python3 /home/gajap/uSandbox/repos/nebula/nebula-insurance-brain/scripts/kg/validate.py --check-reproducible","exit_code":0,"artifacts":[],"redactions":[]}
{"schema_version":1,"timestamp":"2026-09-06T00:45:40-04:00","cwd":"nebula-agents","command":"python3 agents/scripts/validate_templates.py","exit_code":0,"artifacts":[],"redactions":[]}
{"schema_version":1,"timestamp":"2026-09-06T00:48:35-04:00","cwd":"{PRODUCT_ROOT}","command":"post-approval tracker sync: compile.py; validate.py --write-coverage-report; run-lifecycle-gates.py (planning stage); validate.py --check-reproducible","exit_code":0,"artifacts":[],"redactions":[]}
