2026-09-25T04:12:01.507859+00:00 SETUP project_context.py --product-root /home/gajap/uSandbox/repos/nebula/nebula-insurance-brain --action plan: exit 0; product instructions read.
2026-09-25T04:12:01.507859+00:00 SETUP init-run.py --action plan --feature F0002 --product-root /home/gajap/uSandbox/repos/nebula/nebula-insurance-brain --json: exit 0; run ID minted once by secrets.token_hex(4).
2026-09-25T04:12:01.507859+00:00 CONTEXT KG lookup F0002, F0001 tier 1 summaries, PrincipalResolver defines/callers: exit 0; a prior --tier summary invocation exited 2 and was corrected to --tier 1.
2026-09-25T04:12:01.507859+00:00 POLICY gate_policy.py --profile none: exit 0, PASS; coverage floor 80%; manual approvals still required.
2026-09-25T04:12:01.507859+00:00 AUTHOR /tmp/draft_f0002_phase_a.py: Phase A drafting; no runtime implementation or gate approval.

2026-09-25T04:12:22.495102+00:00 python3 agents/product-manager/scripts/generate-story-index.py /home/gajap/uSandbox/repos/nebula/nebula-insurance-brain/planning-mds/features
exit_code=0
Generating story index for: /home/gajap/uSandbox/repos/nebula/nebula-insurance-brain/planning-mds/features
------------------------------------------------------------
Found 23 story files
✅ Story index generated: /home/gajap/uSandbox/repos/nebula/nebula-insurance-brain/planning-mds/features/STORY-INDEX.md


2026-09-25T04:12:22.532027+00:00 python3 agents/product-manager/scripts/validate-stories.py /home/gajap/uSandbox/repos/nebula/nebula-insurance-brain/planning-mds/features/F0002-tenancy-aware-domain-kernel-and-principal-contracts --strict-warnings
exit_code=1
Strict warning mode enabled: key warnings will fail validation.

Validating story: /home/gajap/uSandbox/repos/nebula/nebula-insurance-brain/planning-mds/features/F0002-tenancy-aware-domain-kernel-and-principal-contracts/F0002-S0001-structural-tenancy-and-entity-identity.md
------------------------------------------------------------

============================================================
✅ Story validation PASSED - No issues found!
Validating story: /home/gajap/uSandbox/repos/nebula/nebula-insurance-brain/planning-mds/features/F0002-tenancy-aware-domain-kernel-and-principal-contracts/F0002-S0002-verified-stable-principal-resolution.md
------------------------------------------------------------

⚠️  WARNINGS (Should Fix):
  1. Story may have dependencies - check 'Independent' (INVEST)

============================================================
⚠️  Story validation PASSED with 1 warning(s)
Validating story: /home/gajap/uSandbox/repos/nebula/nebula-insurance-brain/planning-mds/features/F0002-tenancy-aware-domain-kernel-and-principal-contracts/F0002-S0003-current-membership-and-request-scope.md
------------------------------------------------------------

============================================================
✅ Story validation PASSED - No issues found!
Validating story: /home/gajap/uSandbox/repos/nebula/nebula-insurance-brain/planning-mds/features/F0002-tenancy-aware-domain-kernel-and-principal-contracts/F0002-S0004-conjunctive-resource-authorization.md
------------------------------------------------------------

❌ ERRORS (Must Fix):
  1. [strict-warning] Story involves data mutation but has no audit/timeline requirements

============================================================
❌ Story validation FAILED with 1 error(s) and 0 warning(s)
Validating story: /home/gajap/uSandbox/repos/nebula/nebula-insurance-brain/planning-mds/features/F0002-tenancy-aware-domain-kernel-and-principal-contracts/F0002-S0005-bounded-delegation-and-service-authority.md
------------------------------------------------------------

⚠️  WARNINGS (Should Fix):
  1. Story may have dependencies - check 'Independent' (INVEST)

============================================================
⚠️  Story validation PASSED with 1 warning(s)
Validating story: /home/gajap/uSandbox/repos/nebula/nebula-insurance-brain/planning-mds/features/F0002-tenancy-aware-domain-kernel-and-principal-contracts/F0002-S0006-audit-and-consumer-contract-proof.md
------------------------------------------------------------

============================================================
✅ Story validation PASSED - No issues found!
[product-root] /home/gajap/uSandbox/repos/nebula/nebula-insurance-crm (source: default (../nebula-insurance-crm))


2026-09-25T04:12:52.823402+00:00 python3 agents/product-manager/scripts/generate-story-index.py /home/gajap/uSandbox/repos/nebula/nebula-insurance-brain/planning-mds/features
exit_code=0
Generating story index for: /home/gajap/uSandbox/repos/nebula/nebula-insurance-brain/planning-mds/features
------------------------------------------------------------
Found 23 story files
✅ Story index generated: /home/gajap/uSandbox/repos/nebula/nebula-insurance-brain/planning-mds/features/STORY-INDEX.md


2026-09-25T04:12:52.862097+00:00 python3 agents/product-manager/scripts/validate-stories.py /home/gajap/uSandbox/repos/nebula/nebula-insurance-brain/planning-mds/features/F0002-tenancy-aware-domain-kernel-and-principal-contracts --product-root /home/gajap/uSandbox/repos/nebula/nebula-insurance-brain --strict-warnings
exit_code=0
Strict warning mode enabled: key warnings will fail validation.

Validating story: /home/gajap/uSandbox/repos/nebula/nebula-insurance-brain/planning-mds/features/F0002-tenancy-aware-domain-kernel-and-principal-contracts/F0002-S0001-structural-tenancy-and-entity-identity.md
------------------------------------------------------------

============================================================
✅ Story validation PASSED - No issues found!
Validating story: /home/gajap/uSandbox/repos/nebula/nebula-insurance-brain/planning-mds/features/F0002-tenancy-aware-domain-kernel-and-principal-contracts/F0002-S0002-verified-stable-principal-resolution.md
------------------------------------------------------------

⚠️  WARNINGS (Should Fix):
  1. Story may have dependencies - check 'Independent' (INVEST)

============================================================
⚠️  Story validation PASSED with 1 warning(s)
Validating story: /home/gajap/uSandbox/repos/nebula/nebula-insurance-brain/planning-mds/features/F0002-tenancy-aware-domain-kernel-and-principal-contracts/F0002-S0003-current-membership-and-request-scope.md
------------------------------------------------------------

============================================================
✅ Story validation PASSED - No issues found!
Validating story: /home/gajap/uSandbox/repos/nebula/nebula-insurance-brain/planning-mds/features/F0002-tenancy-aware-domain-kernel-and-principal-contracts/F0002-S0004-conjunctive-resource-authorization.md
------------------------------------------------------------

============================================================
✅ Story validation PASSED - No issues found!
Validating story: /home/gajap/uSandbox/repos/nebula/nebula-insurance-brain/planning-mds/features/F0002-tenancy-aware-domain-kernel-and-principal-contracts/F0002-S0005-bounded-delegation-and-service-authority.md
------------------------------------------------------------

⚠️  WARNINGS (Should Fix):
  1. Story may have dependencies - check 'Independent' (INVEST)

============================================================
⚠️  Story validation PASSED with 1 warning(s)
Validating story: /home/gajap/uSandbox/repos/nebula/nebula-insurance-brain/planning-mds/features/F0002-tenancy-aware-domain-kernel-and-principal-contracts/F0002-S0006-audit-and-consumer-contract-proof.md
------------------------------------------------------------

============================================================
✅ Story validation PASSED - No issues found!
[product-root] /home/gajap/uSandbox/repos/nebula/nebula-insurance-brain (source: --product-root)


2026-09-25T04:12:52.905589+00:00 python3 agents/product-manager/scripts/validate-trackers.py --product-root /home/gajap/uSandbox/repos/nebula/nebula-insurance-brain --skip-feature-evidence
exit_code=0

Summary:
  errors: 0
  warnings: 0
  result: PASS
[product-root] /home/gajap/uSandbox/repos/nebula/nebula-insurance-brain (source: --product-root)


2026-09-25T04:13:27.774068+00:00 REVIEW Strict story warning repair: S0004 audit obligation made explicit in AC5; two INVEST advisories retained because credential verification ordering and delegation expiry are required behavior, with dependencies documented.
2026-09-25T04:13:27.774068+00:00 NOTE Initial story validation used an explicit Brain feature path but omitted --product-root, so its diagnostic echoed legacy CRM fallback. It read the supplied Brain stories; rerun explicitly selected Brain and passed. No CRM write was performed.
{"schema_version":1,"timestamp":"2026-09-25T00:44:35-04:00","cwd":"{PRODUCT_ROOT}","command":"python3 /home/gajap/uSandbox/repos/nebula/nebula-insurance-brain/scripts/kg/compile.py","exit_code":0,"artifacts":[],"redactions":[]}
{"schema_version":1,"timestamp":"2026-09-25T00:44:35-04:00","cwd":"{PRODUCT_ROOT}","command":"python3 /home/gajap/uSandbox/repos/nebula/nebula-insurance-brain/scripts/kg/validate.py --check-drift","exit_code":0,"artifacts":[],"redactions":[]}
{"schema_version":1,"timestamp":"2026-09-25T00:45:47-04:00","cwd":"nebula-agents","command":"python3 agents/product-manager/scripts/validate-stories.py /home/gajap/uSandbox/repos/nebula/nebula-insurance-brain/planning-mds/features/F0002-tenancy-aware-domain-kernel-and-principal-contracts","exit_code":0,"artifacts":[],"redactions":[]}
{"schema_version":1,"timestamp":"2026-09-25T00:45:47-04:00","cwd":"nebula-agents","command":"python3 agents/product-manager/scripts/generate-story-index.py /home/gajap/uSandbox/repos/nebula/nebula-insurance-brain/planning-mds/features/","exit_code":0,"artifacts":[],"redactions":[]}
{"schema_version":1,"timestamp":"2026-09-25T00:45:47-04:00","cwd":"nebula-agents","command":"python3 agents/product-manager/scripts/validate-trackers.py --product-root /home/gajap/uSandbox/repos/nebula/nebula-insurance-brain --skip-feature-evidence","exit_code":0,"artifacts":[],"redactions":[]}
{"schema_version":1,"timestamp":"2026-09-25T00:45:47-04:00","cwd":"{PRODUCT_ROOT}","command":"python3 /home/gajap/uSandbox/repos/nebula/nebula-insurance-brain/scripts/kg/validate.py --write-coverage-report","exit_code":0,"artifacts":[],"redactions":[]}
{"schema_version":1,"timestamp":"2026-09-25T00:45:48-04:00","cwd":"{PRODUCT_ROOT}","command":"python3 /home/gajap/uSandbox/repos/nebula/nebula-insurance-brain/scripts/kg/validate.py --check-drift","exit_code":0,"artifacts":[],"redactions":[]}
{"schema_version":1,"timestamp":"2026-09-25T00:45:48-04:00","cwd":"{PRODUCT_ROOT}","command":"python3 /home/gajap/uSandbox/repos/nebula/nebula-insurance-brain/scripts/kg/validate.py --check-reproducible","exit_code":0,"artifacts":[],"redactions":[]}
{"schema_version":1,"timestamp":"2026-09-25T00:45:48-04:00","cwd":"nebula-agents","command":"python3 agents/scripts/validate_templates.py","exit_code":0,"artifacts":[],"redactions":[]}
2026-09-25T04:47:54.838177+00:00 Recorded completed check: project_context.py --action plan --product-root /home/gajap/uSandbox/repos/nebula/nebula-insurance-brain: exit 0; instructions read on Phase B resume
2026-09-25T04:47:54.838177+00:00 Recorded completed check: run-gate.py G3 --attest-checkpoint approve-phase-a; run-gate.py G3: exit 0; explicit user token recorded, checkpoint and stage completed
2026-09-25T04:47:54.838177+00:00 Recorded completed check: run-gate.py --action plan --stage G4: exit 0; compile and drift passed first attempt
2026-09-25T04:47:54.838177+00:00 Recorded completed check: scripts/validation/validate_plan_readiness.py --plan-scope feature --target F0002: exit 0; no findings
2026-09-25T04:47:54.838177+00:00 Recorded completed check: scripts/validation/validate_semantic_examples.py: exit 0; educational schema/reference pass
2026-09-25T04:47:54.838177+00:00 Recorded completed check: scripts/validation/validate_authx_contract_examples.py: exit 0; all 12 expected schema outcomes matched
2026-09-25T04:47:54.838177+00:00 Recorded completed check: validate-api-contract.py planning-mds/api/brain-api.yaml --product-root Brain: exit 0; five advisory compatibility warnings recorded in gate-decisions
2026-09-25T04:47:54.838177+00:00 Recorded completed check: scripts/kg/diff-impact.py HEAD --format text: exit 0; no source symbols changed; plan paths unindexed
2026-09-25T04:47:54.838177+00:00 Recorded completed check: run-gate.py --action plan --stage G5: exit 0; seven automated operations passed; pending manual approve-phase-b
2026-09-25T04:47:54.838177+00:00 Recorded completed check: Phase A hash / Markdown link / git diff --check verification: PASS; six approved stories unchanged; no feature evidence index
{"schema_version":1,"timestamp":"2026-09-25T00:48:25-04:00","cwd":"nebula-agents","command":"python3 agents/product-manager/scripts/validate-stories.py /home/gajap/uSandbox/repos/nebula/nebula-insurance-brain/planning-mds/features/F0002-tenancy-aware-domain-kernel-and-principal-contracts","exit_code":0,"artifacts":[],"redactions":[]}
{"schema_version":1,"timestamp":"2026-09-25T00:48:25-04:00","cwd":"nebula-agents","command":"python3 agents/product-manager/scripts/generate-story-index.py /home/gajap/uSandbox/repos/nebula/nebula-insurance-brain/planning-mds/features/","exit_code":0,"artifacts":[],"redactions":[]}
{"schema_version":1,"timestamp":"2026-09-25T00:48:25-04:00","cwd":"nebula-agents","command":"python3 agents/product-manager/scripts/validate-trackers.py --product-root /home/gajap/uSandbox/repos/nebula/nebula-insurance-brain --skip-feature-evidence","exit_code":0,"artifacts":[],"redactions":[]}
{"schema_version":1,"timestamp":"2026-09-25T00:48:26-04:00","cwd":"{PRODUCT_ROOT}","command":"python3 /home/gajap/uSandbox/repos/nebula/nebula-insurance-brain/scripts/kg/validate.py --write-coverage-report","exit_code":0,"artifacts":[],"redactions":[]}
{"schema_version":1,"timestamp":"2026-09-25T00:48:26-04:00","cwd":"{PRODUCT_ROOT}","command":"python3 /home/gajap/uSandbox/repos/nebula/nebula-insurance-brain/scripts/kg/validate.py --check-drift","exit_code":0,"artifacts":[],"redactions":[]}
{"schema_version":1,"timestamp":"2026-09-25T00:48:26-04:00","cwd":"{PRODUCT_ROOT}","command":"python3 /home/gajap/uSandbox/repos/nebula/nebula-insurance-brain/scripts/kg/validate.py --check-reproducible","exit_code":0,"artifacts":[],"redactions":[]}
{"schema_version":1,"timestamp":"2026-09-25T00:48:26-04:00","cwd":"nebula-agents","command":"python3 agents/scripts/validate_templates.py","exit_code":0,"artifacts":[],"redactions":[]}
{"schema_version":1,"timestamp":"2026-09-25T07:46:43-04:00","cwd":"nebula-agents","command":"python3 agents/product-manager/scripts/validate-stories.py /home/gajap/uSandbox/repos/nebula/nebula-insurance-brain/planning-mds/features/F0002-tenancy-aware-domain-kernel-and-principal-contracts","exit_code":0,"artifacts":[],"redactions":[]}
{"schema_version":1,"timestamp":"2026-09-25T07:46:43-04:00","cwd":"nebula-agents","command":"python3 agents/product-manager/scripts/generate-story-index.py /home/gajap/uSandbox/repos/nebula/nebula-insurance-brain/planning-mds/features/","exit_code":0,"artifacts":[],"redactions":[]}
{"schema_version":1,"timestamp":"2026-09-25T07:46:43-04:00","cwd":"nebula-agents","command":"python3 agents/product-manager/scripts/validate-trackers.py --product-root /home/gajap/uSandbox/repos/nebula/nebula-insurance-brain --skip-feature-evidence","exit_code":0,"artifacts":[],"redactions":[]}
{"schema_version":1,"timestamp":"2026-09-25T07:46:44-04:00","cwd":"{PRODUCT_ROOT}","command":"python3 /home/gajap/uSandbox/repos/nebula/nebula-insurance-brain/scripts/kg/validate.py --write-coverage-report","exit_code":0,"artifacts":[],"redactions":[]}
{"schema_version":1,"timestamp":"2026-09-25T07:46:44-04:00","cwd":"{PRODUCT_ROOT}","command":"python3 /home/gajap/uSandbox/repos/nebula/nebula-insurance-brain/scripts/kg/validate.py --check-drift","exit_code":0,"artifacts":[],"redactions":[]}
{"schema_version":1,"timestamp":"2026-09-25T07:46:45-04:00","cwd":"{PRODUCT_ROOT}","command":"python3 /home/gajap/uSandbox/repos/nebula/nebula-insurance-brain/scripts/kg/validate.py --check-reproducible","exit_code":0,"artifacts":[],"redactions":[]}
{"schema_version":1,"timestamp":"2026-09-25T07:46:45-04:00","cwd":"nebula-agents","command":"python3 agents/scripts/validate_templates.py","exit_code":0,"artifacts":[],"redactions":[]}
