
    ○
    │╲
    │ ○
    ○ ░
    ░    gitleaks

[90m11:12PM[0m [32mINF[0m [1mscanned ~828339 bytes (828.34 KB) in 63ms[0m
[90m11:12PM[0m [32mINF[0m [1mno leaks found[0m

    ○
    │╲
    │ ○
    ○ ░
    ░    gitleaks

[90m11:12PM[0m [32mINF[0m [1mscanned ~240598 bytes (240.60 KB) in 42.7ms[0m
[90m11:12PM[0m [32mINF[0m [1mno leaks found[0m

    ○
    │╲
    │ ○
    ○ ░
    ░    gitleaks

[90m11:12PM[0m [32mINF[0m [1mscanned ~95125 bytes (95.12 KB) in 26.3ms[0m
[90m11:12PM[0m [32mINF[0m [1mno leaks found[0m

    ○
    │╲
    │ ○
    ○ ░
    ░    gitleaks

[90m11:12PM[0m [32mINF[0m [1mscanned ~3064453 bytes (3.06 MB) in 182ms[0m
[90m11:12PM[0m [32mINF[0m [1mno leaks found[0m

    ○
    │╲
    │ ○
    ○ ░
    ░    gitleaks

[90m11:12PM[0m [32mINF[0m [1mscanned ~783 bytes (783 bytes) in 22.7ms[0m
[90m11:12PM[0m [32mINF[0m [1mno leaks found[0m
