               
               
┌─────────────┐
│ Scan Status │
└─────────────┘
  Scanning 84 files tracked by git with 694 Code rules:
                                                                                                                        
  Language      Rules   Files          Origin      Rules                                                                
 ─────────────────────────────        ───────────────────                                                               
  <multilang>       9      84          Community     694                                                                
  python          198      61                                                                                           
                                                                                                                        
                
                
┌──────────────┐
│ Scan Summary │
└──────────────┘
✅ Scan completed successfully.
 • Findings: 1 (1 blocking)
 • Rules run: 207
 • Targets scanned: 84
 • Parsed lines: ~100.0%
 • Scan skipped: 
   ◦ Files matching .semgrepignore patterns: 31
 • Scan was limited to files tracked by git
 • For a detailed list of skipped files and lines, run semgrep with the --verbose flag
Ran 207 rules on 84 files: 1 finding.

A new version of Semgrep is available. See https://semgrep.dev/docs/upgrading
