
    ○
    │╲
    │ ○
    ○ ░
    ░    gitleaks

[90m12:03AM[0m [32mINF[0m [1m1 commits scanned.[0m
[90m12:03AM[0m [32mINF[0m [1mscanned ~979238 bytes (979.24 KB) in 454ms[0m
[90m12:03AM[0m [32mINF[0m [1mno leaks found[0m

    ○
    │╲
    │ ○
    ○ ░
    ░    gitleaks

[90m12:03AM[0m [32mINF[0m [1mscanned ~1570995 bytes (1.57 MB) in 122ms[0m
[90m12:03AM[0m [32mINF[0m [1mno leaks found[0m

    ○
    │╲
    │ ○
    ○ ░
    ░    gitleaks

[90m12:03AM[0m [32mINF[0m [1mscanned ~264965 bytes (264.96 KB) in 38.6ms[0m
[90m12:03AM[0m [32mINF[0m [1mno leaks found[0m

    ○
    │╲
    │ ○
    ○ ░
    ░    gitleaks

[90m12:03AM[0m [32mINF[0m [1mscanned ~151680 bytes (151.68 KB) in 30.1ms[0m
[90m12:03AM[0m [32mINF[0m [1mno leaks found[0m

    ○
    │╲
    │ ○
    ○ ░
    ░    gitleaks

[90m12:03AM[0m [32mINF[0m [1mscanned ~567400 bytes (567.40 KB) in 57.9ms[0m
[90m12:03AM[0m [32mINF[0m [1mno leaks found[0m

    ○
    │╲
    │ ○
    ○ ░
    ░    gitleaks

[90m12:03AM[0m [32mINF[0m [1mscanned ~3093085 bytes (3.09 MB) in 180ms[0m
[90m12:03AM[0m [32mINF[0m [1mno leaks found[0m

    ○
    │╲
    │ ○
    ○ ░
    ░    gitleaks

[90m12:03AM[0m [32mINF[0m [1mscanned ~1809 bytes (1.81 KB) in 30.3ms[0m
[90m12:03AM[0m [32mINF[0m [1mno leaks found[0m

    ○
    │╲
    │ ○
    ○ ░
    ░    gitleaks

[90m12:03AM[0m [32mINF[0m [1mscanned ~106134 bytes (106.13 KB) in 28.5ms[0m
[90m12:03AM[0m [32mINF[0m [1mno leaks found[0m

    ○
    │╲
    │ ○
    ○ ░
    ░    gitleaks

[90m12:03AM[0m [32mINF[0m [1mscanned ~353979 bytes (353.98 KB) in 57.4ms[0m
[90m12:03AM[0m [32mINF[0m [1mno leaks found[0m
