
    ○
    │╲
    │ ○
    ○ ░
    ░    gitleaks

[90m1:05AM[0m [32mINF[0m [1m4 commits scanned.[0m
[90m1:05AM[0m [32mINF[0m [1mscanned ~2535639 bytes (2.54 MB) in 509ms[0m
[90m1:05AM[0m [32mINF[0m [1mno leaks found[0m

    ○
    │╲
    │ ○
    ○ ░
    ░    gitleaks

[90m1:05AM[0m [32mINF[0m [1mscanned ~1589312 bytes (1.59 MB) in 114ms[0m
[90m1:05AM[0m [32mINF[0m [1mno leaks found[0m

    ○
    │╲
    │ ○
    ○ ░
    ░    gitleaks

[90m1:05AM[0m [32mINF[0m [1mscanned ~261970 bytes (261.97 KB) in 36.7ms[0m
[90m1:05AM[0m [32mINF[0m [1mno leaks found[0m

    ○
    │╲
    │ ○
    ○ ░
    ░    gitleaks

[90m1:05AM[0m [32mINF[0m [1mscanned ~164084 bytes (164.08 KB) in 30.6ms[0m
[90m1:05AM[0m [32mINF[0m [1mno leaks found[0m

    ○
    │╲
    │ ○
    ○ ░
    ░    gitleaks

[90m1:05AM[0m [32mINF[0m [1mscanned ~608633 bytes (608.63 KB) in 58.7ms[0m
[90m1:05AM[0m [32mINF[0m [1mno leaks found[0m

    ○
    │╲
    │ ○
    ○ ░
    ░    gitleaks

[90m1:05AM[0m [32mINF[0m [1mscanned ~3094180 bytes (3.09 MB) in 167ms[0m
[90m1:05AM[0m [32mINF[0m [1mno leaks found[0m

    ○
    │╲
    │ ○
    ○ ░
    ░    gitleaks

[90m1:05AM[0m [32mINF[0m [1mscanned ~1809 bytes (1.81 KB) in 22.1ms[0m
[90m1:05AM[0m [32mINF[0m [1mno leaks found[0m

    ○
    │╲
    │ ○
    ○ ░
    ░    gitleaks

[90m1:05AM[0m [32mINF[0m [1mscanned ~106134 bytes (106.13 KB) in 28.9ms[0m
[90m1:05AM[0m [32mINF[0m [1mno leaks found[0m

    ○
    │╲
    │ ○
    ○ ░
    ░    gitleaks

[90m1:05AM[0m [32mINF[0m [1mscanned ~354107 bytes (354.11 KB) in 53ms[0m
[90m1:05AM[0m [32mINF[0m [1mno leaks found[0m
