# Lifecycle Gate Run — F0003 plan run 2026-09-30-6632006b

### G1 — Clarification
Command: python3 agents/scripts/run-gate.py --product-root {NEBULA_PRODUCT_ROOT} --action plan --stage G1 --feature F0003 --run-id 2026-09-30-6632006b
Stage: G1
Exit Code: 0
Result: PASS
Output References: gate-state.json
Skipped Gates: -

### G2 — Tracker sync (Phase A)
Commands:
- python3 agents/product-manager/scripts/generate-story-index.py {NEBULA_PRODUCT_ROOT}/planning-mds/features/
- python3 agents/product-manager/scripts/validate-stories.py --product-root {NEBULA_PRODUCT_ROOT} {FEATURE_PATH}
- python3 agents/product-manager/scripts/validate-trackers.py --product-root {NEBULA_PRODUCT_ROOT} --skip-feature-evidence
- python3 agents/scripts/run-gate.py --product-root {NEBULA_PRODUCT_ROOT} --action plan --stage G2 --feature F0003 --run-id 2026-09-30-6632006b
Stage: G2
Exit Code: 0 for each final invocation
Result: PASS
Output References: planning-mds/features/STORY-INDEX.md
Notes: Story validation passed with one non-blocking infrastructure story-value warning. Tracker validation passed with zero errors and warnings. An initial story-validator invocation omitted --product-root and exited 1; the corrected explicit-root invocation passed.
Skipped Gates: -

### G3 — Phase A approval
Command: python3 agents/scripts/run-gate.py --product-root {NEBULA_PRODUCT_ROOT} --action plan --stage G3 --feature F0003 --run-id 2026-09-30-6632006b
Stage: G3
Exit Code: 0
Result: PENDING APPROVAL
Output References: gate-decisions.md, gate-state.json
Skipped Gates: -
Attestation: PASS — user explicitly supplied token `approve-phase-a` on 2026-10-02; recorded in gate-decisions.md.
Re-run: `python3 agents/scripts/run-gate.py --product-root {NEBULA_PRODUCT_ROOT} --action plan --stage G3 --feature F0003 --run-id 2026-09-30-6632006b`
Re-run Exit Code: 0
Re-run Result: PASS
