{"schema_version":1,"timestamp":"2026-09-12T10:06:14-04:00","cwd":"{PRODUCT_ROOT}","command":"docker compose ps","exit_code":0,"artifacts":[],"redactions":[]}
{"schema_version":1,"timestamp":"2026-09-12T10:07:00-04:00","cwd":"{PRODUCT_ROOT}/engine","command":"uv run pytest tests/security/test_credential_verification.py -q","exit_code":2,"artifacts":[],"redactions":[]}
{"schema_version":1,"timestamp":"2026-09-12T10:07:01-04:00","cwd":"{PRODUCT_ROOT}/engine","command":"UV_CACHE_DIR=/tmp/nebula-uv-cache uv run pytest tests/security/test_credential_verification.py -q","exit_code":130,"artifacts":[],"redactions":[]}
{"schema_version":1,"timestamp":"2026-09-12T10:09:00-04:00","cwd":"{PRODUCT_ROOT}/engine","command":".venv/bin/ruff check apps/api/src/brain_api/deps.py tests/security/test_credential_verification.py tests/security/conftest.py","exit_code":0,"artifacts":[],"redactions":[]}
{"schema_version":1,"timestamp":"2026-09-12T10:09:01-04:00","cwd":"{PRODUCT_ROOT}/engine","command":".venv/bin/python -m pytest tests/security/test_credential_verification.py -q","exit_code":0,"artifacts":["planning-mds/operations/evidence/runs/2026-09-12-855d2b93/test-execution-report.md"],"redactions":[]}
{"schema_version":1,"timestamp":"2026-09-12T10:09:02-04:00","cwd":"{PRODUCT_ROOT}/engine","command":".venv/bin/python -m pytest packages/brain-security/tests/test_verification.py -q","exit_code":0,"artifacts":["planning-mds/operations/evidence/runs/2026-09-12-855d2b93/test-execution-report.md"],"redactions":[]}
{"schema_version":1,"timestamp":"2026-09-12T10:10:00-04:00","cwd":"{PRODUCT_ROOT}","command":"python3 scripts/kg/compile.py","exit_code":0,"artifacts":["planning-mds/knowledge-graph/canonical-nodes.yaml","planning-mds/features/REGISTRY.md","planning-mds/features/ROADMAP.md"],"redactions":[]}
{"schema_version":1,"timestamp":"2026-09-12T10:10:01-04:00","cwd":"{PRODUCT_ROOT}","command":"python3 scripts/kg/validate.py --regenerate-symbols --check-symbols --regenerate-decisions --check-decisions","exit_code":0,"artifacts":["planning-mds/knowledge-graph/symbol-index.yaml","planning-mds/knowledge-graph/decisions-index.yaml"],"redactions":[]}
{"schema_version":1,"timestamp":"2026-09-12T10:10:02-04:00","cwd":"{PRODUCT_ROOT}","command":"python3 scripts/kg/validate.py --check-drift","exit_code":0,"artifacts":[],"redactions":[]}
{"schema_version":1,"timestamp":"2026-09-12T10:10:03-04:00","cwd":"{PRODUCT_ROOT}","command":"python3 scripts/kg/validate.py --check-reproducible","exit_code":0,"artifacts":[],"redactions":[]}
{"schema_version":1,"timestamp":"2026-09-12T10:10:04-04:00","cwd":"{PRODUCT_ROOT}","command":"python3 scripts/kg/validate.py --write-coverage-report","exit_code":0,"artifacts":["planning-mds/knowledge-graph/coverage-report.yaml"],"redactions":[]}
{"schema_version":1,"timestamp":"2026-09-12T10:10:05-04:00","cwd":"{PRODUCT_ROOT}","command":"python3 ../nebula-agents/agents/product-manager/scripts/generate-story-index.py planning-mds/features/","exit_code":0,"artifacts":["planning-mds/features/STORY-INDEX.md"],"redactions":[]}
{"schema_version":1,"timestamp":"2026-09-12T10:10:06-04:00","cwd":"{PRODUCT_ROOT}","command":"python3 ../nebula-agents/agents/scripts/validate_templates.py","exit_code":0,"artifacts":[],"redactions":[]}
{"schema_version":1,"timestamp":"2026-09-12T10:10:07-04:00","cwd":"{PRODUCT_ROOT}","command":"python3 ../nebula-agents/agents/product-manager/scripts/validate-feature-evidence.py --product-root {PRODUCT_ROOT} --feature F0001 --run-id 2026-09-12-855d2b93 --stage closeout","exit_code":1,"artifacts":[],"redactions":[]}
{"schema_version":1,"timestamp":"2026-09-12T10:10:08-04:00","cwd":"{PRODUCT_ROOT}","command":"python3 ../nebula-agents/agents/product-manager/scripts/validate-trackers.py --product-root {PRODUCT_ROOT} --feature F0001 --run-id 2026-09-12-855d2b93","exit_code":1,"artifacts":[],"redactions":[]}
{"schema_version":1,"timestamp":"2026-09-12T10:10:09-04:00","cwd":"{PRODUCT_ROOT}","command":"python3 ../nebula-agents/agents/product-manager/scripts/validate-stories.py planning-mds/features/archive/F0001-repository-and-engineering-foundation","exit_code":0,"artifacts":[],"redactions":[]}
{"schema_version":1,"timestamp":"2026-09-12T10:11:00-04:00","cwd":"{PRODUCT_ROOT}","command":"python3 ../nebula-agents/agents/product-manager/scripts/patch-prior-manifest.py --product-root {PRODUCT_ROOT} --feature F0001 --new-run-id 2026-09-12-855d2b93","exit_code":0,"artifacts":["planning-mds/operations/evidence/runs/2026-09-08-b5af1e54/evidence-manifest.json"],"redactions":[]}
{"schema_version":1,"timestamp":"2026-09-12T10:11:01-04:00","cwd":"{PRODUCT_ROOT}","command":"write latest-run.json for F0001 after supersession","exit_code":0,"artifacts":["planning-mds/operations/evidence/features/F0001-repository-and-engineering-foundation/latest-run.json"],"redactions":[]}
{"schema_version":1,"timestamp":"2026-09-12T10:12:00-04:00","cwd":"{PRODUCT_ROOT}","command":"python3 scripts/kg/validate.py --write-coverage-report","exit_code":0,"artifacts":["planning-mds/knowledge-graph/coverage-report.yaml"],"redactions":[]}
{"schema_version":1,"timestamp":"2026-09-12T10:13:00-04:00","cwd":"{PRODUCT_ROOT}","command":"python3 ../nebula-agents/agents/product-manager/scripts/validate-feature-evidence.py --product-root {PRODUCT_ROOT} --feature F0001 --run-id 2026-09-12-855d2b93 --stage closeout","exit_code":0,"artifacts":["planning-mds/operations/evidence/runs/2026-09-12-855d2b93/evidence-manifest.json"],"redactions":[]}
{"schema_version":1,"timestamp":"2026-09-12T10:13:01-04:00","cwd":"{PRODUCT_ROOT}","command":"python3 ../nebula-agents/agents/product-manager/scripts/validate-trackers.py --product-root {PRODUCT_ROOT} --feature F0001 --run-id 2026-09-12-855d2b93","exit_code":0,"artifacts":["planning-mds/features/REGISTRY.md","planning-mds/features/ROADMAP.md","planning-mds/features/STORY-INDEX.md"],"redactions":[]}
{"schema_version":1,"timestamp":"2026-09-12T10:29:27-04:00","cwd":"nebula-agents","command":"python3 agents/product-manager/scripts/validate-feature-evidence.py --product-root /home/gajap/uSandbox/repos/nebula/nebula-insurance-brain --feature F0001 --run-id 2026-09-12-855d2b93 --stage G0","exit_code":1,"artifacts":[],"redactions":[]}
{"schema_version":1,"timestamp":"2026-09-12T10:30:08-04:00","cwd":"nebula-agents","command":"python3 agents/product-manager/scripts/validate-feature-evidence.py --product-root /home/gajap/uSandbox/repos/nebula/nebula-insurance-brain --feature F0001 --run-id 2026-09-12-855d2b93 --stage G0","exit_code":0,"artifacts":[],"redactions":[]}
{"schema_version":1,"timestamp":"2026-09-12T10:30:16-04:00","cwd":"nebula-agents","command":"python3 agents/product-manager/scripts/validate-feature-evidence.py --product-root /home/gajap/uSandbox/repos/nebula/nebula-insurance-brain --feature F0001 --run-id 2026-09-12-855d2b93 --stage G1","exit_code":0,"artifacts":[],"redactions":[]}
{"schema_version":1,"timestamp":"2026-09-12T10:30:16-04:00","cwd":"nebula-agents","command":"python3 agents/product-manager/scripts/validate-feature-evidence.py --product-root /home/gajap/uSandbox/repos/nebula/nebula-insurance-brain --feature F0001 --run-id 2026-09-12-855d2b93 --stage G2","exit_code":0,"artifacts":[],"redactions":[]}
{"schema_version":1,"timestamp":"2026-09-12T10:30:17-04:00","cwd":"nebula-agents","command":"python3 agents/product-manager/scripts/validate-feature-evidence.py --product-root /home/gajap/uSandbox/repos/nebula/nebula-insurance-brain --feature F0001 --run-id 2026-09-12-855d2b93 --stage G3","exit_code":0,"artifacts":[],"redactions":[]}
{"schema_version":1,"timestamp":"2026-09-12T10:30:17-04:00","cwd":"nebula-agents","command":"python3 agents/product-manager/scripts/validate-feature-evidence.py --product-root /home/gajap/uSandbox/repos/nebula/nebula-insurance-brain --feature F0001 --run-id 2026-09-12-855d2b93 --stage G4","exit_code":0,"artifacts":[],"redactions":[]}
{"schema_version":1,"timestamp":"2026-09-12T10:30:18-04:00","cwd":"nebula-agents","command":"python3 agents/product-manager/scripts/validate-feature-evidence.py --product-root /home/gajap/uSandbox/repos/nebula/nebula-insurance-brain --feature F0001 --run-id 2026-09-12-855d2b93 --stage G5","exit_code":0,"artifacts":[],"redactions":[]}
{"schema_version":1,"timestamp":"2026-09-12T10:30:18-04:00","cwd":"nebula-agents","command":"python3 agents/product-manager/scripts/validate-feature-evidence.py --product-root /home/gajap/uSandbox/repos/nebula/nebula-insurance-brain --feature F0001 --run-id 2026-09-12-855d2b93 --stage G6","exit_code":0,"artifacts":[],"redactions":[]}
{"schema_version":1,"timestamp":"2026-09-12T10:30:18-04:00","cwd":"nebula-agents","command":"python3 agents/product-manager/scripts/validate-trackers.py --product-root /home/gajap/uSandbox/repos/nebula/nebula-insurance-brain --feature F0001 --run-id 2026-09-12-855d2b93","exit_code":0,"artifacts":[],"redactions":[]}
{"schema_version":1,"timestamp":"2026-09-12T10:30:19-04:00","cwd":"{PRODUCT_ROOT}","command":"python3 /home/gajap/uSandbox/repos/nebula/nebula-insurance-brain/scripts/kg/compile.py","exit_code":0,"artifacts":[],"redactions":[]}
{"schema_version":1,"timestamp":"2026-09-12T10:30:19-04:00","cwd":"{PRODUCT_ROOT}","command":"python3 /home/gajap/uSandbox/repos/nebula/nebula-insurance-brain/scripts/kg/validate.py --regenerate-symbols --check-symbols --regenerate-decisions --check-decisions","exit_code":0,"artifacts":[],"redactions":[]}
{"schema_version":1,"timestamp":"2026-09-12T10:30:20-04:00","cwd":"{PRODUCT_ROOT}","command":"python3 /home/gajap/uSandbox/repos/nebula/nebula-insurance-brain/scripts/kg/validate.py --check-drift","exit_code":0,"artifacts":[],"redactions":[]}
{"schema_version":1,"timestamp":"2026-09-12T10:30:55-04:00","cwd":"{PRODUCT_ROOT}","command":"python3 /home/gajap/uSandbox/repos/nebula/nebula-insurance-brain/scripts/kg/compile.py","exit_code":0,"artifacts":[],"redactions":[]}
{"schema_version":1,"timestamp":"2026-09-12T10:30:55-04:00","cwd":"nebula-agents","command":"python3 agents/product-manager/scripts/patch-prior-manifest.py --product-root /home/gajap/uSandbox/repos/nebula/nebula-insurance-brain --feature F0001 --new-run-id 2026-09-12-855d2b93","exit_code":0,"artifacts":[],"redactions":[]}
{"schema_version":1,"timestamp":"2026-09-12T10:30:56-04:00","cwd":"{PRODUCT_ROOT}","command":"python3 /home/gajap/uSandbox/repos/nebula/nebula-insurance-brain/scripts/kg/validate.py --write-coverage-report","exit_code":0,"artifacts":[],"redactions":[]}
{"schema_version":1,"timestamp":"2026-09-12T10:30:56-04:00","cwd":"{PRODUCT_ROOT}","command":"python3 /home/gajap/uSandbox/repos/nebula/nebula-insurance-brain/scripts/kg/validate.py --check-drift","exit_code":0,"artifacts":[],"redactions":[]}
{"schema_version":1,"timestamp":"2026-09-12T10:30:57-04:00","cwd":"nebula-agents","command":"python3 agents/scripts/capture-run-telemetry.py --product-root /home/gajap/uSandbox/repos/nebula/nebula-insurance-brain --run-id 2026-09-12-855d2b93","exit_code":0,"artifacts":[],"redactions":[]}
{"schema_version":1,"timestamp":"2026-09-12T10:30:57-04:00","cwd":"nebula-agents","command":"python3 agents/product-manager/scripts/validate-feature-evidence.py --product-root /home/gajap/uSandbox/repos/nebula/nebula-insurance-brain --feature F0001 --stage closeout","exit_code":0,"artifacts":[],"redactions":[]}
{"schema_version":1,"timestamp":"2026-09-12T10:30:57-04:00","cwd":"nebula-agents","command":"python3 agents/product-manager/scripts/validate-trackers.py --product-root /home/gajap/uSandbox/repos/nebula/nebula-insurance-brain --feature F0001 --run-id 2026-09-12-855d2b93","exit_code":0,"artifacts":[],"redactions":[]}
{"schema_version":1,"timestamp":"2026-09-12T10:34:12-04:00","cwd":"nebula-agents","command":"final closeout validators: validate-feature-evidence; validate-trackers; kg validate --check-symbols --check-drift --check-reproducible; validate_templates; gate_policy review-family feature; git diff --check","exit_code":0,"artifacts":[],"redactions":[]}
{"schema_version":1,"timestamp":"2026-09-12T10:33:49-04:00","cwd":"{PRODUCT_ROOT}","command":"docker compose ps && docker compose config --services","exit_code":1,"artifacts":[],"redactions":["docker socket permission denied"]}
{"schema_version":1,"timestamp":"2026-09-12T10:34:30-04:00","cwd":"{PRODUCT_ROOT}","command":"python3 parse commands.log as JSONL","exit_code":0,"artifacts":[],"redactions":[]}
