
### G0
Command: python3 agents/product-manager/scripts/validate-feature-evidence.py --product-root /home/gajap/uSandbox/repos/nebula/nebula-insurance-brain --feature F0002 --run-id 2026-09-27-bb7c8d1d --stage G0
Stage: G0
Exit Code: 1
Result: FAIL
Output References: -
Skipped Gates: -

### G0
Command: python3 agents/product-manager/scripts/validate-feature-evidence.py --product-root /home/gajap/uSandbox/repos/nebula/nebula-insurance-brain --feature F0002 --run-id 2026-09-27-bb7c8d1d --stage G0
Stage: G0
Exit Code: 0
Result: PASS
Output References: -
Skipped Gates: -

### G1
Command: python3 agents/product-manager/scripts/validate-feature-evidence.py --product-root /home/gajap/uSandbox/repos/nebula/nebula-insurance-brain --feature F0002 --run-id 2026-09-27-bb7c8d1d --stage G1
Stage: G1
Exit Code: 1
Result: FAIL
Output References: -
Skipped Gates: -

### G1
Command: python3 agents/product-manager/scripts/validate-feature-evidence.py --product-root /home/gajap/uSandbox/repos/nebula/nebula-insurance-brain --feature F0002 --run-id 2026-09-27-bb7c8d1d --stage G1
Stage: G1
Exit Code: 0
Result: PASS
Output References: -
Skipped Gates: -

### G2
Command: python3 agents/product-manager/scripts/validate-feature-evidence.py --product-root /home/gajap/uSandbox/repos/nebula/nebula-insurance-brain --feature F0002 --run-id 2026-09-27-bb7c8d1d --stage G2
Stage: G2
Exit Code: 0
Result: PASS
Output References: -
Skipped Gates: -

### G3
Command: python3 agents/product-manager/scripts/validate-feature-evidence.py --product-root /home/gajap/uSandbox/repos/nebula/nebula-insurance-brain --feature F0002 --run-id 2026-09-27-bb7c8d1d --stage G3
Stage: G3
Exit Code: 1
Result: FAIL
Output References: -
Skipped Gates: -

### G3
Command: python3 agents/product-manager/scripts/validate-feature-evidence.py --product-root /home/gajap/uSandbox/repos/nebula/nebula-insurance-brain --feature F0002 --run-id 2026-09-27-bb7c8d1d --stage G3
Stage: G3
Exit Code: 1
Result: FAIL
Output References: -
Skipped Gates: -

### G3
Command: python3 agents/product-manager/scripts/validate-feature-evidence.py --product-root /home/gajap/uSandbox/repos/nebula/nebula-insurance-brain --feature F0002 --run-id 2026-09-27-bb7c8d1d --stage G3
Stage: G3
Exit Code: 1
Result: FAIL
Output References: -
Skipped Gates: -

### G3
Command: python3 agents/product-manager/scripts/validate-feature-evidence.py --product-root /home/gajap/uSandbox/repos/nebula/nebula-insurance-brain --feature F0002 --run-id 2026-09-27-bb7c8d1d --stage G3
Stage: G3
Exit Code: 0
Result: PASS
Output References: -
Skipped Gates: -

### G3
Command: python3 agents/product-manager/scripts/validate-feature-evidence.py --product-root /home/gajap/uSandbox/repos/nebula/nebula-insurance-brain --feature F0002 --run-id 2026-09-27-bb7c8d1d --stage G3
Stage: G3
Exit Code: 0
Result: PASS
Output References: -
Skipped Gates: -
