
### G4
Command: python3 /home/gajap/uSandbox/repos/nebula/nebula-insurance-brain/scripts/kg/compile.py
Stage: G4
Exit Code: 0
Result: PASS
Output References: -
Skipped Gates: -

### G4
Command: python3 /home/gajap/uSandbox/repos/nebula/nebula-insurance-brain/scripts/kg/validate.py --check-drift
Stage: G4
Exit Code: 0
Result: PASS
Output References: -
Skipped Gates: -

### G5
Command: python3 agents/product-manager/scripts/validate-stories.py /home/gajap/uSandbox/repos/nebula/nebula-insurance-brain/planning-mds/features/F0065-grounded-gl-guideline-assessment
Stage: G5
Exit Code: 0
Result: PASS
Output References: -
Skipped Gates: -

### G5
Command: python3 agents/product-manager/scripts/generate-story-index.py /home/gajap/uSandbox/repos/nebula/nebula-insurance-brain/planning-mds/features/
Stage: G5
Exit Code: 0
Result: PASS
Output References: -
Skipped Gates: -

### G5
Command: python3 agents/product-manager/scripts/validate-trackers.py --product-root /home/gajap/uSandbox/repos/nebula/nebula-insurance-brain --skip-feature-evidence
Stage: G5
Exit Code: 0
Result: PASS
Output References: -
Skipped Gates: -

### G5
Command: python3 /home/gajap/uSandbox/repos/nebula/nebula-insurance-brain/scripts/kg/validate.py --write-coverage-report
Stage: G5
Exit Code: 0
Result: PASS
Output References: -
Skipped Gates: -

### G5
Command: python3 /home/gajap/uSandbox/repos/nebula/nebula-insurance-brain/scripts/kg/validate.py --check-drift
Stage: G5
Exit Code: 0
Result: PASS
Output References: -
Skipped Gates: -

### G5
Command: python3 /home/gajap/uSandbox/repos/nebula/nebula-insurance-brain/scripts/kg/validate.py --check-reproducible
Stage: G5
Exit Code: 0
Result: PASS
Output References: -
Skipped Gates: -

### G5
Command: python3 agents/scripts/validate_templates.py
Stage: G5
Exit Code: 0
Result: PASS
Output References: -
Skipped Gates: -
